o = {};
o.menu = {};
o.menu.id = "file";
o.menu.popup = {};
o.menu.popup.menuitem = [];
o.menu.popup.menuitem[0] = {};
o.menu.popup.menuitem[0].onclick = "CreateNewDoc()";
o.menu.popup.menuitem[0].value = "New";
o.menu.popup.menuitem[1] = {};
o.menu.popup.menuitem[1].onclick = "OpenDoc()";
o.menu.popup.menuitem[1].value = "Open";
o.menu.popup.menuitem[2] = {};
o.menu.popup.menuitem[2].onclick = "CloseDoc()";
o.menu.popup.menuitem[2].value = "Close";
o.menu.value = "File";
